[auralighting.vn/index.html]
[backblue.gif]
[fade.gif]
[index.html]
[auralighting.vn/wp-content/plugins/elementor/assets/css/frontend-lite.minf4e1.css]
[auralighting.vn/wp-content/uploads/elementor/css/post-735761b.css]
[auralighting.vn/wp-content/uploads/elementor/css/post-800a9ca.css]
[auralighting.vn/feed/index.html]
[auralighting.vn/wp-content/themes/astra/assets/css/minified/frontend.min3430.css]
[auralighting.vn/comments/feed/index.html]
[auralighting.vn/wp-content/themes/astra/assets/fonts/astra.woff]
[auralighting.vn/wp-content/themes/astra/assets/css/minified/menu-animation.min3430.css]
[auralighting.vn/wp-content/plugins/sina-extension-for-elementor/assets/css/sina-morphing.minccfb.css]
[auralighting.vn/wp-includes/css/dist/block-library/style.minbfbf.css]
[auralighting.vn/wp-content/plugins/sina-extension-for-elementor/admin/assets/css/icofont.minccfb.css]
[auralighting.vn/wp-content/plugins/elementor/assets/lib/font-awesome/css/font-awesome.min1849.css]
[auralighting.vn/wp-content/plugins/elementskit-lite/modules/elementskit-icon-pack/assets/css/ekiticons61da.css]
[auralighting.vn/wp-content/plugins/elementor/assets/lib/eicons/css/elementor-icons.min7816.css]
[auralighting.vn/wp-content/uploads/elementor/css/post-475761b.css]
[auralighting.vn/wp-content/plugins/elementor/assets/lib/font-awesome/css/all.minf4e1.css]
[auralighting.vn/wp-content/plugins/elementor/assets/lib/font-awesome/css/v4-shims.minf4e1.css]
[auralighting.vn/wp-content/uploads/elementor/css/post-153a679.css]
[auralighting.vn/wp-content/plugins/elementskit-lite/widgets/init/assets/css/widget-styles61da.css]
[auralighting.vn/wp-content/plugins/elementskit-lite/widgets/init/assets/css/responsive61da.css]
[auralighting.vn/wp-includes/js/jquery/jquery.minaf6c.js]
[auralighting.vn/wp-includes/js/jquery/jquery-migrate.mind617.js]
[auralighting.vn/wp-content/plugins/elementor/assets/lib/font-awesome/js/v4-shims.minf4e1.js]
[auralighting.vn/wp-json/index.html]
[auralighting.vn/wp-json/wp/v2/pages/153.json]
[auralighting.vn/wp-includes/wlwmanifest.xml]
[auralighting.vn/wp-json/oembed/1.0/embedae4b.json]
[auralighting.vn/wp-json/oembed/1.0/embed13c9]
[auralighting.vn/wp-content/uploads/2021/12/cropped-Aura-icon-web-32x32.png]
[auralighting.vn/wp-content/uploads/2021/12/cropped-Aura-icon-web-192x192.png]
[auralighting.vn/wp-content/uploads/2021/12/cropped-Aura-icon-web-180x180.png]
[auralighting.vn/wp-content/uploads/2021/12/AURAlogoWebdenSL-1024x512.png]
[auralighting.vn/wp-content/uploads/2021/12/AURAlogoWebtrangsl.png]
[code.jquery.com/jquery-3.6.0.min.js]
[auralighting.vn/wp-content/uploads/2021/12/AURA-LOGO.png]
[auralighting.vn/wp-content/uploads/2022/07/2022_collection-Aura.jpg]
[auralighting.vn/wp-content/uploads/2022/07/2022_collection-aurat-responsve.jpg]
[auralighting.vn/wp-content/uploads/2022/07/2203-lamps-arkoslight-scaled.jpg]
[auralighting.vn/wp-content/uploads/2022/07/2203-tracklights-arkoslight.jpg]
[auralighting.vn/wp-content/uploads/2022/04/post_gal_0029_r1.jpg]
[auralighting.vn/wp-content/uploads/2022/07/habitat_home.jpg]
[auralighting.vn/wp-content/uploads/2022/07/contract_oficinas_arkoslight-899x1024-1.jpg]
[auralighting.vn/tin-tuc-2/index.html]
[auralighting.vn/projects]
[auralighting.vn/products/index.html]
[auralighting.vn/wp-content/uploads/elementor/thumbs/2f4e33132815651.61b09f5f09ecb-ppf8srk0353cspqcrrdji9xnzwever04ldoj5kme68.jpg]
[auralighting.vn/wp-content/uploads/2021/12/AURAlogoWebtrangsl-1024x512.png]
[auralighting.vn/contact/index.html]
[auralighting.vn/wp-content/uploads/elementor/css/post-2911397b.css]
[auralighting.vn/indoor/index.html]
[auralighting.vn/wp-content/uploads/elementor/css/post-2898f969.css]
[auralighting.vn/track-systems/index.html]
[auralighting.vn/wp-content/uploads/elementor/css/post-2895b023.css]
[auralighting.vn/outdoor/index.html]
[auralighting.vn/wp-content/plugins/sina-extension-for-elementor/assets/css/owl.carousel.minccfb.css]
[auralighting.vn/wp-content/plugins/sina-extension-for-elementor/assets/css/animate-merge.minccfb.css]
[auralighting.vn/wp-content/plugins/sina-extension-for-elementor/assets/css/sina-widgets.minccfb.css]
[auralighting.vn/wp-content/uploads/elementor/css/post-281796b7.css]
[auralighting.vn/wp-content/uploads/elementor/css/post-282172f7.css]
[auralighting.vn/wp-content/plugins/elementor/assets/lib/animations/animations.minf4e1.css]
[auralighting.vn/wp-content/themes/astra/assets/js/minified/frontend.min3430.js]
[auralighting.vn/wp-content/plugins/elementskit-lite/libs/framework/assets/js/frontend-script61da.js]
[auralighting.vn/wp-content/plugins/elementskit-lite/widgets/init/assets/js/widget-scripts61da.js]
[auralighting.vn/wp-content/plugins/sina-extension-for-elementor/assets/js/owl.carousel.minccfb.js]
[auralighting.vn/wp-content/plugins/sina-extension-for-elementor/assets/js/sina-widgets.minccfb.js]
[auralighting.vn/wp-content/plugins/elementor/assets/js/webpack.runtime.minf4e1.js]
[auralighting.vn/wp-content/plugins/elementor/assets/js/frontend-modules.minf4e1.js]
[auralighting.vn/wp-content/plugins/elementor/assets/lib/waypoints/waypoints.min05da.js]
[auralighting.vn/wp-includes/js/jquery/ui/core.min0028.js]
[auralighting.vn/wp-content/plugins/elementor/assets/js/frontend.minf4e1.js]
[auralighting.vn/wp-content/plugins/elementskit-lite/widgets/init/assets/js/animate-circle61da.js]
[auralighting.vn/wp-content/plugins/elementskit-lite/widgets/init/assets/js/elementor61da.js]
[auralighting.vn/wp-content/plugins/elementor/assets/lib/swiper/swiper.min61da.js]
[auralighting.vn/wp-includes/js/underscore.minb37e.js]
[auralighting.vn/wp-includes/js/wp-util.minbfbf.js]
[auralighting.vn/wp-content/plugins/wpforms-lite/assets/js/integrations/elementor/frontend.min2739.js]
[auralighting.vn/index.html]
[auralighting.vn/wp-content/plugins/elementor/assets/css/frontend-lite.minf4e1.css]
[auralighting.vn/wp-content/uploads/elementor/css/post-735761b.css]
[auralighting.vn/wp-content/uploads/elementor/css/post-800a9ca.css]
[auralighting.vn/wp-content/themes/astra/assets/css/minified/frontend.min3430.css]
[auralighting.vn/wp-content/themes/astra/assets/css/minified/menu-animation.min3430.css]
[auralighting.vn/wp-content/plugins/sina-extension-for-elementor/assets/css/sina-morphing.minccfb.css]
[auralighting.vn/wp-includes/css/dist/block-library/style.minbfbf.css]
[auralighting.vn/wp-content/plugins/sina-extension-for-elementor/admin/assets/css/fonts/icofont.woff2]
[auralighting.vn/wp-content/plugins/sina-extension-for-elementor/admin/assets/css/icofont.minccfb.css]
[auralighting.vn/wp-content/plugins/sina-extension-for-elementor/admin/assets/css/fonts/icofont.woff]
[auralighting.vn/wp-content/plugins/elementor/assets/lib/font-awesome/fonts/fontawesome-webfont3e6e.eot]
[auralighting.vn/wp-content/plugins/elementor/assets/lib/font-awesome/fonts/fontawesome-webfont3e6e.woff2]
[auralighting.vn/wp-content/plugins/elementor/assets/lib/font-awesome/fonts/fontawesome-webfont3e6e.woff]
[auralighting.vn/wp-content/plugins/elementor/assets/lib/font-awesome/fonts/fontawesome-webfont3e6e.ttf]
[auralighting.vn/wp-content/plugins/elementor/assets/lib/font-awesome/css/font-awesome.min1849.css]
[auralighting.vn/wp-content/plugins/elementor/assets/lib/font-awesome/fonts/fontawesome-webfont3e6e.svg]
[auralighting.vn/wp-content/plugins/elementskit-lite/modules/elementskit-icon-pack/assets/fonts/elementskit97ac.woff]
[auralighting.vn/wp-content/plugins/elementskit-lite/modules/elementskit-icon-pack/assets/css/ekiticons61da.css]
[auralighting.vn/wp-content/plugins/elementor/assets/lib/eicons/fonts/eicons5519.eot]
[auralighting.vn/wp-content/plugins/elementor/assets/lib/eicons/fonts/eicons5519.woff]
[auralighting.vn/wp-content/plugins/elementor/assets/lib/eicons/fonts/eicons5519.ttf]
[auralighting.vn/wp-content/plugins/elementor/assets/lib/eicons/css/elementor-icons.min7816.css]
[auralighting.vn/wp-content/uploads/elementor/css/post-475761b.css]
[auralighting.vn/wp-content/plugins/elementor/assets/lib/eicons/fonts/eicons5519.svg]
[auralighting.vn/wp-content/plugins/elementor/assets/lib/font-awesome/webfonts/fa-brands-400.eot]
[auralighting.vn/wp-content/plugins/elementor/assets/lib/font-awesome/webfonts/fa-brands-400d41d.eot]
[auralighting.vn/wp-content/plugins/elementor/assets/lib/font-awesome/webfonts/fa-brands-400.woff2]
[auralighting.vn/wp-content/plugins/elementor/assets/lib/font-awesome/webfonts/fa-brands-400.woff]
[auralighting.vn/wp-content/plugins/elementor/assets/lib/font-awesome/webfonts/fa-brands-400.ttf]
[auralighting.vn/wp-content/plugins/elementor/assets/lib/font-awesome/webfonts/fa-brands-400.svg]
[auralighting.vn/wp-content/plugins/elementor/assets/lib/font-awesome/webfonts/fa-regular-400.eot]
[auralighting.vn/wp-content/plugins/elementor/assets/lib/font-awesome/webfonts/fa-regular-400d41d.eot]
[auralighting.vn/wp-content/plugins/elementor/assets/lib/font-awesome/webfonts/fa-regular-400.woff2]
[auralighting.vn/wp-content/plugins/elementor/assets/lib/font-awesome/webfonts/fa-regular-400.woff]
[auralighting.vn/wp-content/plugins/elementor/assets/lib/font-awesome/webfonts/fa-regular-400.ttf]
[auralighting.vn/wp-content/plugins/elementor/assets/lib/font-awesome/webfonts/fa-regular-400.svg]
[auralighting.vn/wp-content/plugins/elementor/assets/lib/font-awesome/webfonts/fa-solid-900.eot]
[auralighting.vn/wp-content/plugins/elementor/assets/lib/font-awesome/webfonts/fa-solid-900d41d.eot]
[auralighting.vn/wp-content/plugins/elementor/assets/lib/font-awesome/webfonts/fa-solid-900.woff2]
[auralighting.vn/wp-content/plugins/elementor/assets/lib/font-awesome/webfonts/fa-solid-900.woff]
[auralighting.vn/wp-content/plugins/elementor/assets/lib/font-awesome/webfonts/fa-solid-900.ttf]
[auralighting.vn/wp-content/plugins/elementor/assets/lib/font-awesome/css/all.minf4e1.css]
[auralighting.vn/wp-content/plugins/elementor/assets/lib/font-awesome/css/v4-shims.minf4e1.css]
[auralighting.vn/wp-content/uploads/elementor/css/post-153a679.css]
[auralighting.vn/wp-content/plugins/elementor/assets/lib/font-awesome/webfonts/fa-solid-900.svg]
[auralighting.vn/wp-content/plugins/elementskit-lite/widgets/init/assets/img/arrow.png]
[auralighting.vn/wp-content/plugins/elementskit-lite/widgets/init/assets/img/sort_asc.png]
[auralighting.vn/wp-content/plugins/elementskit-lite/widgets/init/assets/img/sort_desc.png]
[auralighting.vn/wp-content/plugins/elementskit-lite/widgets/init/assets/img/sort_asc_disabled.png]
[auralighting.vn/wp-content/plugins/elementskit-lite/widgets/init/assets/css/widget-styles61da.css]
[auralighting.vn/wp-content/plugins/elementskit-lite/widgets/init/assets/css/responsive61da.css]
[auralighting.vn/xmlrpc0db0.html]
[auralighting.vn/wp-content/uploads/elementor/css/post-2451475b.css]
[auralighting.vn/about/index.html]
[auralighting.vn/wp-json/wp/v2/pages/2451.json]
[auralighting.vn/wp-json/oembed/1.0/embed5409.json]
[auralighting.vn/wp-json/oembed/1.0/embed9ea9]
[auralighting.vn/wp-content/uploads/2022/07/2203-lamps-arkoslight-1024x576.jpg]
[auralighting.vn/wp-content/uploads/2022/07/2203-tracklights-arkoslight-1024x576.jpg]
[auralighting.vn/wp-content/uploads/2022/07/2203-surface-arkoslight-1024x576.jpg]
[auralighting.vn/wp-content/uploads/2022/04/post_gal_0029_r1-1024x576.jpg]
[auralighting.vn/products/index.html]
[auralighting.vn/wp-content/plugins/wpforms-lite/assets/css/wpforms-base.min2739.css]
[auralighting.vn/wp-content/uploads/elementor/css/post-159a59b.css]
[auralighting.vn/virgo/index.html]
[auralighting.vn/wp-json/wp/v2/pages/159.json]
[auralighting.vn/wp-json/oembed/1.0/embed6cea.json]
[auralighting.vn/wp-json/oembed/1.0/embed9dc1]
[auralighting.vn/wp-content/uploads/elementor/thumbs/ADD_2763-Edit-scaled-pm8g07v27h6pqj26sxx75o8mt5u5ll2wcyxs71vacs.jpg]
[auralighting.vn/wp-content/uploads/elementor/thumbs/276086898_2207295936086308_1635201204922470505_n-pp11f2p6c926so48kgn4l1i5h8h9v4ce0ss26np7vw.jpg]
[auralighting.vn/wp-content/uploads/elementor/thumbs/278678807_3087375544859124_7366647500996876582_n-pre9x1ssvsni1u4iuzk3uc5qsnqzgolvom0xxap4x8.jpg]
[auralighting.vn/wp-content/uploads/elementor/thumbs/289603466_5936903899657651_2146922576469023619_n-psp6teh7ofr1q67zi9vpdkwk2qjwapshmexe81ere4.jpg]
[auralighting.vn/wp-content/uploads/elementor/thumbs/z3651968080835_7a3e81f7a71bcc8d6698325978479b3a-scaled-pui3o9265f2dr3a1skg4igoctc0pc7jvznr0uhowfg.jpg]
[auralighting.vn/wp-content/uploads/elementor/thumbs/298218729_1820312781646459_2134578548918674249_n-px5tif07fce1y3hqyfmxpc3npyjmlb3xmyy4399wrw.jpg]
[auralighting.vn/wp-content/uploads/elementor/thumbs/356883060_575888034709409_8872411040292393777_n-q8wrt96tvc36vtmkex5lre2gwojrsa285x91mihs8c.jpg]
[auralighting.vn/wp-content/uploads/elementor/thumbs/309106766_203677222001336_2440822020331291645_n-pvuqym5ddms9c6x2b7echfl5piinpq8ue6q8cg7x2k.jpg]
[auralighting.vn/wp-content/uploads/elementor/thumbs/z3188837311696_f2c19f17684b61b6260abbb1b0e92f53-plzdgm9mwanmvgq490pcvnorz1oy8f5wg5isli0iek.jpg]
[auralighting.vn/wp-content/uploads/elementor/thumbs/288717432_570125138034036_1576464342403807281_n-pqq02alypdzl13q0w9mxicf84ty7d2j2u89xukwp4c.jpg]
[auralighting.vn/wp-content/uploads/elementor/thumbs/z3223946359186_8c96456d9369fa35a53004356216a476-1-pma0tfyyr2y1ly994i2rz2fya76kwnhdvw8mwfe5nw.jpg]
[auralighting.vn/wp-content/uploads/elementor/thumbs/274077636_2073677496143743_2762499615588515453_n-pm8fy9d5ywi7jrwl8lg6go1299hmkab13a0d7artbg.jpg]
[auralighting.vn/wp-content/uploads/elementor/thumbs/z4487318579648_910e289adc788050b5c9e9eb1070c640-q8ws4weujg12pwpmeyd7nga1uj5h5aaifk7lnx8758.jpg]
[auralighting.vn/wp-content/uploads/elementor/thumbs/345664079_231798736122314_5433841290349381023_n-q8wse8x2i4tq6b4ttztng3d2ih2voxef1trfgzd99o.jpg]
[auralighting.vn/wp-content/uploads/elementor/thumbs/67288541_938600239832470_6939495478962683904_n-pma34qg66d68hxitvzi3vtsxe4n7vkxhe2g22nekx0.jpg]
[auralighting.vn/wp-content/plugins/make-column-clickable-elementor/assets/js/make-column-clickable2fca.js]
[auralighting.vn/wp-content/plugins/wpforms-lite/assets/js/jquery.validate.min6134.js]
[auralighting.vn/wp-content/plugins/wpforms-lite/assets/js/mailcheck.mincfa9.js]
[auralighting.vn/wp-content/plugins/wpforms-lite/assets/js/punycode.min8a54.js]
[auralighting.vn/projects]
[auralighting.vn/wp-content/plugins/wpforms-lite/assets/js/wpforms2739.js]
[auralighting.vn/wp-content/uploads/elementor/css/post-13301508.css]
[auralighting.vn/wp-json/wp/v2/pages/1330.json]
[auralighting.vn/wp-json/oembed/1.0/embed4541.json]
[auralighting.vn/wp-json/oembed/1.0/embedfc3a]
[auralighting.vn/wp-content/uploads/elementor/thumbs/Chi-ha-apartment-8-plz7bq70tw9uidky3jdkxed6fafpd28q2uf0klj4mk.jpg]
[auralighting.vn/wp-content/uploads/elementor/thumbs/7f9892108164891.5fb78b56db39a-plz7g43wq2a0ov7khfmwkaim80tda7nmok0l730zl8.jpg]
[auralighting.vn/wp-content/uploads/elementor/thumbs/dad19898766711.5ee370bfbc929-plz7h4rm4lo79nqbjdhcrj9le1somep5tlgiwvimuk.jpg]
[auralighting.vn/tin-tuc-2/index.html]
[auralighting.vn/congtrinhmau/index.html]
[auralighting.vn/wp-content/plugins/elementor/assets/lib/font-awesome/css/fontawesome.min52d5.css]
[auralighting.vn/lightingdesign/index.html]
[auralighting.vn/wp-json/wp/v2/pages/161.json]
[auralighting.vn/wp-json/oembed/1.0/embed0474.json]
[auralighting.vn/wp-json/oembed/1.0/embed82eb]
[auralighting.vn/contact/index.html]
[auralighting.vn/wp-content/plugins/elementor/assets/css/widget-icon-list.min.css]
[auralighting.vn/wp-content/uploads/2022/03/Catalog-Aura.pdf]
[auralighting.vn/wp-content/uploads/elementor/css/post-8020017.css]
[auralighting.vn/wp-json/wp/v2/pages/802.json]
[auralighting.vn/wp-json/oembed/1.0/embed1b30.json]
[auralighting.vn/wp-json/oembed/1.0/embedaaf8]
[auralighting.vn/wp-content/uploads/2022/04/image-2521-1.jpg]
[auralighting.vn/wp-content/uploads/2024/08/Moon-2-1024x1024.jpg]
[auralighting.vn/wp-content/uploads/2024/08/MOON-ADJ-1-1024x1024.jpg]
[auralighting.vn/wp-content/uploads/2024/08/Crown70-1-1024x1024.jpg]
[auralighting.vn/crown70/index.html]
[auralighting.vn/wp-content/uploads/2024/08/Crown90-55-1-1024x1024.jpg]
[auralighting.vn/wp-content/uploads/2024/08/Luci6-1024x1024.jpg]
[auralighting.vn/wp-content/uploads/2024/08/Luci10-55-1024x1024.jpg]
[auralighting.vn/wp-content/uploads/2024/08/Angelo-Fix-1024x1024.jpg]
[auralighting.vn/crown90/index.html]
[auralighting.vn/wp-content/uploads/2024/08/Angelo-C-1024x1024.jpg]
[auralighting.vn/wp-content/uploads/2024/08/MiniB7-1024x1024.jpg]
[auralighting.vn/wp-content/uploads/2024/08/MiniB3-1024x1024.jpg]
[auralighting.vn/wp-content/uploads/2024/08/Tini-1024x1024.jpg]
[auralighting.vn/leo15/index.html]
[auralighting.vn/wp-content/uploads/2024/08/Mini5wIP44-1024x1024.jpg]
[auralighting.vn/wp-content/uploads/2024/08/Spotlight-6-1024x1024.jpg]
[auralighting.vn/wp-content/uploads/2024/08/Elian-1024x1024.jpg]
[auralighting.vn/wp-content/uploads/2024/08/Linatt-1024x1024.jpg]
[auralighting.vn/gbeo7/index.html]
[auralighting.vn/wp-content/uploads/2024/08/Melbourne12-1024x1024.jpg]
[auralighting.vn/wp-content/uploads/2024/08/Melbourne6-1024x1024.jpg]
[auralighting.vn/wp-content/uploads/2024/08/VirgoW-1024x1024.jpg]
[auralighting.vn/wp-content/uploads/2024/08/VirgoB-1024x1024.jpg]
[auralighting.vn/wp-content/uploads/2024/08/VirgoB-S-1024x1024.jpg]
[auralighting.vn/wp-content/uploads/2024/08/TrackLight-1024x1024.jpg]
[auralighting.vn/melbourne45/index.html]
[auralighting.vn/wp-content/uploads/2024/08/Zoomable-1024x1024.jpg]
[auralighting.vn/indoor/index.html]
[auralighting.vn/wp-content/uploads/elementor/css/post-28745fc4.css]
[auralighting.vn/wp-json/wp/v2/pages/2874.json]
[auralighting.vn/wp-json/oembed/1.0/embed59d1.json]
[auralighting.vn/wp-json/oembed/1.0/embed541e]
[auralighting.vn/wp-content/uploads/2022/07/g5-1.jpg]
[auralighting.vn/wp-content/uploads/2022/07/g10.jpg]
[auralighting.vn/wp-content/uploads/2022/07/S7.jpg]
[auralighting.vn/wp-content/uploads/2022/07/s12.jpg]
[auralighting.vn/wp-content/uploads/2022/07/D12W.jpg]
[auralighting.vn/wp-content/uploads/2022/07/D24W.jpg]
[auralighting.vn/wp-content/uploads/2022/07/DT9W.jpg]
[auralighting.vn/wp-content/uploads/2022/07/DT18W.jpg]
[auralighting.vn/track-systems/index.html]
[auralighting.vn/wp-content/uploads/elementor/css/post-2488d20d.css]
[auralighting.vn/wp-json/wp/v2/pages/2488.json]
[auralighting.vn/wp-json/oembed/1.0/embedd5b6.json]
[auralighting.vn/wp-json/oembed/1.0/embed4117]
[auralighting.vn/wp-content/uploads/2022/03/HI_00125-1024x1024.png]
[auralighting.vn/wp-content/uploads/2022/05/Spotgarden2.jpg]
[auralighting.vn/wp-content/uploads/2022/04/spot2.jpg]
[auralighting.vn/wp-content/uploads/2022/05/Inground1.jpg]
[auralighting.vn/wp-content/uploads/2022/05/Inground3-1024x1024.jpg]
[auralighting.vn/wp-content/uploads/2022/05/Inground9.jpg]
[auralighting.vn/wp-content/uploads/2022/04/1.png]
[auralighting.vn/wp-content/uploads/2022/04/2.png]
[auralighting.vn/wp-content/uploads/2022/04/4.png]
[auralighting.vn/wp-content/uploads/2022/04/3.png]
[auralighting.vn/outdoor/index.html]
[auralighting.vn/wp-content/uploads/elementor/css/post-2911397b.css]
[auralighting.vn/wp-content/uploads/elementor/css/post-2898f969.css]
[auralighting.vn/wp-content/uploads/elementor/css/post-2895b023.css]
[auralighting.vn/wp-content/uploads/2022/04/Linear-1024x1024.jpg]
[auralighting.vn/wp-content/plugins/sina-extension-for-elementor/assets/css/img/owl.video.play.png]
[auralighting.vn/wp-content/plugins/sina-extension-for-elementor/assets/css/owl.carousel.minccfb.css]
[auralighting.vn/wp-content/plugins/sina-extension-for-elementor/assets/css/animate-merge.minccfb.css]
[auralighting.vn/wp-content/plugins/sina-extension-for-elementor/assets/css/sina-widgets.minccfb.css]
[auralighting.vn/wp-content/uploads/elementor/css/post-281796b7.css]
[auralighting.vn/wp-content/uploads/elementor/css/post-282172f7.css]
[auralighting.vn/wp-content/plugins/elementor/assets/lib/animations/animations.minf4e1.css]
[auralighting.vn/wp-content/plugins/elementor/assets/lib/font-awesome/fonts/fontawesome-webfont3e6e.svg]
[auralighting.vn/wp-content/plugins/elementor/assets/lib/eicons/fonts/eicons5519.svg]
[auralighting.vn/wp-content/plugins/elementor/assets/lib/font-awesome/fonts/fontawesome-webfontd41d.eot]
[auralighting.vn/wp-content/plugins/elementor/assets/lib/eicons/fonts/eicons5519.woff2]
[auralighting.vn/wp-content/plugins/elementor/assets/lib/font-awesome/webfonts/fa-brands-400.svg]
[auralighting.vn/wp-content/plugins/elementor/assets/lib/font-awesome/webfonts/fa-regular-400.svg]
[auralighting.vn/wp-content/plugins/elementor/assets/lib/font-awesome/webfonts/fa-solid-900.svg]
[auralighting.vn/wp-content/plugins/elementskit-lite/widgets/init/assets/img/cross-out.svg]
[auralighting.vn/wp-content/uploads/elementor/css/post-1552044.css]
[auralighting.vn/wp-json/wp/v2/pages/155.json]
[auralighting.vn/wp-json/oembed/1.0/embed814f.json]
[auralighting.vn/wp-json/oembed/1.0/embed32e0]
[auralighting.vn/wp-content/uploads/2022/03/Chieudiemnhan.jpg]
[auralighting.vn/wp-content/uploads/2022/03/About-us-1024x1024.jpg]
[auralighting.vn/wp-content/uploads/2021/12/AURAlogoWebtrang-1024x512.png]
[auralighting.vn/wp-content/uploads/2022/03/121.jpg]
[auralighting.vn/wp-content/uploads/elementor/thumbs/276190623_2207295806086321_18998754271456565_n-pp12ff4hzpfodgl3gsgogxqm8rolft02oa37633kbk.jpg]
[auralighting.vn/wp-content/uploads/elementor/thumbs/ADD_2931-Edit-2-scaled-pm8gqrswo25odjr1vjdnkjf8t7atzrv8nzlu7ps9ls.jpg]
[auralighting.vn/wp-content/uploads/elementor/thumbs/278678807_3087375544859124_7366647500996876582_n-pre9x1ss9v9upfdxzlszbekknu3deoz7c786vjzhy8.jpg]
[auralighting.vn/about/index.html]
[auralighting.vn/wp-content/uploads/elementor/css/post-2451475b.css]
[auralighting.vn/index76d2.html]
[auralighting.vn/wp-content/uploads/elementor/css/post-10431c41.css]
[auralighting.vn/wp-json/wp/v2/pages/1043.json]
[auralighting.vn/wp-json/oembed/1.0/embed59fc.json]
[auralighting.vn/wp-json/oembed/1.0/embedafb5]
[auralighting.vn/wp-content/uploads/2022/03/XaviaW-scaled.jpg]
[auralighting.vn/wp-content/uploads/2022/03/XaviaB-scaled.jpg]
[auralighting.vn/wp-content/uploads/2022/03/Xavia-scaled.jpg]
[auralighting.vn/wp-content/uploads/2022/03/Downlight 9W 60D.ies]
[auralighting.vn/wp-content/uploads/2022/03/Aura - CC2716 Time City 2301.pdf]
[auralighting.vn/wp-content/uploads/2022/03/Dim-Xavia.jpg]
[auralighting.vn/wp-content/uploads/2022/03/222627106775571.5f97e4b9b3d79.jpg]
[auralighting.vn/wp-content/uploads/elementor/thumbs/ADD_2716-Edit-scaled-pm8f7bbq1vmaq71mky56zgtd7matwnc1dwr9xqq3os.jpg]
[auralighting.vn/virgo/index.html]
[auralighting.vn/wp-content/plugins/wpforms-lite/assets/css/wpforms-base.min2739.css]
[auralighting.vn/wp-content/uploads/2022/03/2c5a6b98764793.5ee366c3837c2.jpg]
[auralighting.vn/wp-content/uploads/elementor/css/post-159a59b.css]
[auralighting.vn/indexb950.html]
[auralighting.vn/wp-content/uploads/elementor/css/post-13301508.css]
[auralighting.vn/index86d6.html]
[auralighting.vn/congtrinhmau/index.html]
[auralighting.vn/wp-content/uploads/elementor/css/post-9791508.css]
[auralighting.vn/wp-json/wp/v2/pages/979.json]
[auralighting.vn/wp-json/oembed/1.0/embedac44.json]
[auralighting.vn/wp-json/oembed/1.0/embedabfb]
[auralighting.vn/wp-content/uploads/2022/03/svetodizain_gal7.jpg]
[auralighting.vn/wp-content/uploads/2022/03/svetodizain_gal1.jpg]
[auralighting.vn/lightingdesign/index.html]
[auralighting.vn/wp-content/plugins/elementor/assets/lib/font-awesome/css/fontawesome.min52d5.css]
[auralighting.vn/wp-content/plugins/elementor/assets/lib/font-awesome/css/solid.min52d5.css]
[auralighting.vn/wp-content/plugins/elementor/assets/lib/font-awesome/css/regular.min52d5.css]
[auralighting.vn/index8816.html]
[auralighting.vn/wp-content/plugins/elementor/assets/css/widget-icon-list.min.css]
[auralighting.vn/wp-content/uploads/elementor/css/post-8020017.css]
[auralighting.vn/indexe98c.html]
[auralighting.vn/wp-content/uploads/elementor/css/post-2326b35a.css]
[auralighting.vn/wp-content/uploads/elementor/css/post-1619ea3.css]
[auralighting.vn/wp-json/wp/v2/pages/2326.json]
[auralighting.vn/wp-json/oembed/1.0/embed57af.json]
[auralighting.vn/wp-json/oembed/1.0/embed576a]
[auralighting.vn/wp-content/uploads/2022/03/Crown70-scaled.jpg]
[auralighting.vn/wp-content/uploads/2022/03/z3188837311696_f2c19f17684b61b6260abbb1b0e92f53.jpg]
[auralighting.vn/crown70/index.html]
[auralighting.vn/wp-content/uploads/elementor/css/post-23956827.css]
[auralighting.vn/wp-json/wp/v2/pages/2395.json]
[auralighting.vn/wp-json/oembed/1.0/embed870e.json]
[auralighting.vn/wp-json/oembed/1.0/embedfe92]
[auralighting.vn/wp-content/uploads/2022/03/Crown90-1-scaled.jpg]
[auralighting.vn/wp-content/uploads/2022/03/b10f08116686417.6066d8537943f.jpg]
[auralighting.vn/crown90/index.html]
[auralighting.vn/wp-content/uploads/elementor/css/post-243991cd.css]
[auralighting.vn/wp-json/wp/v2/pages/2439.json]
[auralighting.vn/wp-json/oembed/1.0/embed6cf9.json]
[auralighting.vn/wp-json/oembed/1.0/embed89f3]
[auralighting.vn/wp-content/uploads/2022/03/Leo15-scaled.jpg]
[auralighting.vn/leo15/index.html]
[auralighting.vn/wp-content/uploads/elementor/css/post-2335abbe.css]
[auralighting.vn/wp-json/wp/v2/pages/2335.json]
[auralighting.vn/wp-json/oembed/1.0/embed6e98.json]
[auralighting.vn/wp-json/oembed/1.0/embed5c49]
[auralighting.vn/wp-content/uploads/2022/03/mini3-scaled.jpg]
[auralighting.vn/wp-content/uploads/2022/03/Gbeo-1-scaled.jpg]
[auralighting.vn/gbeo7/index.html]
[auralighting.vn/wp-content/uploads/elementor/css/post-2212015e.css]
[auralighting.vn/wp-json/wp/v2/pages/2212.json]
[auralighting.vn/wp-json/oembed/1.0/embed3ebf.json]
[auralighting.vn/wp-content/uploads/2022/03/image-2797.jpg]
[auralighting.vn/wp-content/uploads/2022/03/image-2785.png]
[auralighting.vn/wp-content/uploads/2022/03/image-2787.png]
[auralighting.vn/wp-content/uploads/2022/03/image-2791.jpg]
[auralighting.vn/wp-content/uploads/2022/03/Linatoitranh.jpg]
[auralighting.vn/melbourne45/index.html]
[auralighting.vn/wp-content/uploads/elementor/css/post-28745fc4.css]
[auralighting.vn/indexcdbf.html]
[auralighting.vn/wp-content/uploads/elementor/css/post-2488d20d.css]
[auralighting.vn/indexdbfd.html]
[auralighting.vn/wp-content/uploads/elementor/css/post-1552044.css]
[auralighting.vn/index43b2.html]
[auralighting.vn/wp-content/uploads/elementor/css/post-10431c41.css]
[auralighting.vn/index080f.html]
[auralighting.vn/wp-content/plugins/wpforms-lite/assets/images/times-solid-white.svg]
[auralighting.vn/wp-content/uploads/elementor/css/post-9791508.css]
[auralighting.vn/index4f47.html]
[auralighting.vn/wp-content/uploads/elementor/css/post-1619ea3.css]
[auralighting.vn/wp-content/uploads/elementor/css/post-2326b35a.css]
[auralighting.vn/index8d43.html]
[auralighting.vn/wp-content/uploads/elementor/css/post-23956827.css]
[auralighting.vn/indexa851.html]
[auralighting.vn/wp-content/uploads/elementor/css/post-243991cd.css]
[auralighting.vn/indexc974.html]
[auralighting.vn/wp-content/uploads/elementor/css/post-2335abbe.css]
[auralighting.vn/indexbcd0.html]
[auralighting.vn/wp-content/uploads/elementor/css/post-2212015e.css]
[auralighting.vn/index3ec9.html]
[auralighting.vn/wp-json/oembed/1.0/embedde34]
